

 Start  Stop   Length Name                   Class
 00000H 00010H 00011H NULO                   CODE
 00020H 001AEH 0018FH ENTXQQ                 CODE
 001B0H 001B0H 00000H INIXQQ                 CODE
 001B0H 001B0H 00001H $IBMINT                CODE
 001B2H 00E7EH 00CCDH FILFQQ_CODE            CODE
 00E80H 010ACH 0022DH ERREQQ_CODE            CODE
 010B0H 01323H 00274H ERREEQ                 CODE
 01324H 014C3H 001A0H HEAHQQ_CODE            CODE
 014D0H 0182BH 0035CH MISGQQ                 CODE
 0182CH 01866H 0003BH MISOQQ_CODE            CODE
 01868H 01932H 000CBH MISYQQ_CODE            CODE
 01934H 019F4H 000C1H PASUXU_CODE            CODE
 019F6H 02518H 00B23H FILUQQ_CODE            CODE
 0251AH 0267EH 00165H CONUXU_CODE            CODE
 02680H 02729H 000AAH MISHQQ_CODE            CODE
 02730H 028F3H 001C4H LONGQQ                 CODE
 02900H 029DCH 000DDH RTIMQQ                 CODE
 029E0H 029E0H 00000H HEAP                   MEMORY
 029E0H 029E0H 00000H MEMORY                 MEMORY
 029E0H 02ADFH 00100H STACK                  STACK
 02AE0H 033CBH 008ECH DATA                   DATA
 033CCH 033D4H 00009H EINQQQ                 DATA
 033E0H 033E0H 00000H COMADS                 COMADS
 033E0H 034CDH 000EEH CONST                  CONST
 034D0H 034D0H 00000H COMMQQ                 COMMON
 034D0H 034D0H 00000H HIMEM                  HIMEM

 Origin   Group
 010B:0   CGROUP
 F34D:0   DGROUP

Program entry point at 0002:0029
